[export_estatico] atualizando indicadores antes de exportar...
[atualizar_tudo] iniciando ciclo de atualização...
[bcb] selic_meta: 13.75 (2026-11-04) — OK
[bcb] ipca_mensal: -0.32 (2026-08-01) — OK
[bcb] igpm_mensal: 1.57 (2026-09-01) — OK
[bcb] dolar_ptax: 5.2204 (2026-09-29) — OK
[bcb] euro_ptax: 5.9253 (2026-09-28) — OK
[bcb] desemprego: 5.3 (2026-08-01) — OK
[bcb] divida_bruta_pib: 76.27 (2024-12-01) — OK
[bcb] resultado_primario: 0.4 (2024-12-01) — OK
[bcb] producao_industrial: 111.7 (2026-07-01) — OK
[bcb] vendas_varejo: 108.23 (2026-07-01) — OK
[bcb] spread_bancario: 21.16 (2026-08-01) — OK
[bcb] taxa_media_credito: 32.26 (2026-08-01) — OK
[bcb] inadimplencia: 5.04 (2026-08-01) — OK
[bcb] ipca_12m: 4.22% — OK
[economy.agro] soja_saca: 144.17 R$/saca (60kg)
[economy.agro] boi_gordo_arroba_mt: 311.52 R$/arroba (Mato Grosso)
[markets] ibovespa: 182503.546875 (2026-09-29) — OK
[markets] sp500: 7659.91015625 (2026-09-29) — OK
[markets] nasdaq: 26767.556640625 (2026-09-29) — OK
[markets] dow_jones: 51152.73046875 (2026-09-29) — OK
[markets] ouro: 4183.10009765625 (2026-09-29) — OK
[markets] petroleo: 90.73999786376953 (2026-09-29) — OK
[markets] vix: 16.34000015258789 (2026-09-29) — OK
[markets] bitcoin: falhou (HTTPError: HTTP Error 403: Forbidden). Mantendo cache anterior.
[risk] indicadores manuais (risco-país, rating, projeções) carregados no cache.
[telecom.sector] dados do setor de provedores carregados no cache.
[markets] nenhum símbolo respondeu (['BRIT3.SA']) — último erro: HTTPError: HTTP Error 404: Not Found
[telecom.players] Brisanet: perfil curado (capital fechado)
[telecom.players] Unifique: cotação 4.920000076293945
[telecom.players] American Tower: cotação 168.02999877929688
[telecom.players] IHS Holding: cotação 8.390000343322754
[telecom.players] Desktop: perfil curado (capital fechado)
[telecom.players] Vero: perfil curado (capital fechado)
[telecom.players] Ligga: perfil curado (capital fechado)
[telecom.players] Mhnet: perfil curado (capital fechado)
[telecom.players] Brasil Tecpar: perfil curado (capital fechado)
[telecom.players] Algar Telecom: perfil curado (capital fechado)
[telecom.players] V.tal: perfil curado (capital fechado)
[telecom.players] Fibrasil: perfil curado (capital fechado)
[telecom.players] Neutral Networks: perfil curado (capital fechado)
[telecom.ranking] ranking nacional de provedores carregado no cache.
[telecom.ranking] ranking de RO carregado no cache.
[telecom.ranking] ranking de MT carregado no cache.
[telecom.ranking] ranking de TO carregado no cache.
[telecom.ranking] ranking de PA carregado no cache.
[telecom.ranking] ranking de MS carregado no cache.
[telecom.ranking] HHI de concentração por estado calculado.
[telecom.ranking] ameaça Starlink por estado calculada.
[telecom.ranking] evolução mensal de RO (jan-jun/2026) carregada no cache.
[atualizar_tudo] ciclo concluído. 0 alerta(s) ativo(s).
[export_estatico] snapshot gerado em 29/09/2026 16:19 — index.html + css/ + js/ + images/ na raiz do projeto.
